
> eshop_template@0.1.0 build
> next build

Γû▓ Next.js 16.1.6 (Turbopack)
- Environments: .env.local

  Creating an optimized production build ...
node.exe : Error: Can't resolve 'tailwind
css-animate' in 'C:\Users\lotus\Documents
\eshop_template\src\app'
At line:1 char:1
+ & "C:\Program Files\nodejs/node.exe" "C
:\Users\lotus\AppData\Roaming\ ...
+ ~~~~~~~~~~~~~~~~~~~~~~~~~~~~~~~~~~~~~~~
~~~~~~~~~~~~~~~~~~~~~~~~~~~~~~
    + CategoryInfo          : NotSpecifie
d    : (Error: Can't re...mplate\src\app'
:S    tring) [], RemoteException
    + FullyQualifiedErrorId : NativeComma
n    dError
 
    [2m[at finishWithoutResolve (C:\User
s\lotus\Documents\eshop_template\node_mod
ules\enhanced-resolve\lib\Resolver.js:565
:18)][0m
    [2m[at C:\Users\lotus\Documents\esho
p_template\node_modules\enhanced-resolve\
lib\Resolver.js:657:14][0m
    [2m[at C:\Users\lotus\Documents\esho
p_template\node_modules\enhanced-resolve\
lib\Resolver.js:718:5][0m
    [2m[at eval (eval at create (C:\User
s\lotus\Documents\eshop_template\node_mod
ules\tapable\lib\HookCodeFactory.js:31:10
), <anonymous>:15:1)][0m
    [2m[at C:\Users\lotus\Documents\esho
p_template\node_modules\enhanced-resolve\
lib\Resolver.js:718:5][0m
    [2m[at eval (eval at create (C:\User
s\lotus\Documents\eshop_template\node_mod
ules\tapable\lib\HookCodeFactory.js:31:10
), <anonymous>:27:1)][0m
    [2m[at C:\Users\lotus\Documents\esho
p_template\node_modules\enhanced-resolve\
lib\DescriptionFilePlugin.js:89:43][0m
    [2m[at C:\Users\lotus\Documents\esho
p_template\node_modules\enhanced-resolve\
lib\Resolver.js:718:5][0m
    [2m[at eval (eval at create (C:\User
s\lotus\Documents\eshop_template\node_mod
ules\tapable\lib\HookCodeFactory.js:31:10
), <anonymous>:15:1)][0m
    [2m[at C:\Users\lotus\Documents\esho
p_template\node_modules\enhanced-resolve\
lib\Resolver.js:718:5][0m {
  details: "resolve 'tailwindcss-animate'
 in 'C:\\Users\\lotus\\Documents\\eshop_t
emplate\\src\\app'\n" +
    '  Parsed request is a module\n' +
    '  using description file: C:\\Users\
\lotus\\Documents\\eshop_template\\packag
e.json (relative path: ./src/app)\n' +
    '    resolve as module\n' +
    "      C:\\Users\\lotus\\Documents\\e
shop_template\\src\\app\\node_modules doe
sn't exist or is not a directory\n" +
    "      C:\\Users\\lotus\\Documents\\e
shop_template\\src\\node_modules doesn't 
exist or is not a directory\n" +
    '      looking for modules in C:\\Use
rs\\lotus\\Documents\\eshop_template\\nod
e_modules\n' +
    '        single file module\n' +
    '          using description file: C:
\\Users\\lotus\\Documents\\eshop_template
\\package.json (relative path: ./node_mod
ules/tailwindcss-animate)\n' +
    '            no extension\n' +
    "              C:\\Users\\lotus\\Docu
ments\\eshop_template\\node_modules\\tail
windcss-animate doesn't exist\n" +
    '            .js\n' +
    "              C:\\Users\\lotus\\Docu
ments\\eshop_template\\node_modules\\tail
windcss-animate.js doesn't exist\n" +
    '            .json\n' +
    "              C:\\Users\\lotus\\Docu
ments\\eshop_template\\node_modules\\tail
windcss-animate.json doesn't exist\n" +
    '            .node\n' +
    "              C:\\Users\\lotus\\Docu
ments\\eshop_template\\node_modules\\tail
windcss-animate.node doesn't exist\n" +
    '            .ts\n' +
    "              C:\\Users\\lotus\\Docu
ments\\eshop_template\\node_modules\\tail
windcss-animate.ts doesn't exist\n" +
    "        C:\\Users\\lotus\\Documents\
\eshop_template\\node_modules\\tailwindcs
s-animate doesn't exist\n" +
    "      C:\\Users\\lotus\\Documents\\n
ode_modules doesn't exist or is not a dir
ectory\n" +
    "      C:\\Users\\lotus\\node_modules
 doesn't exist or is not a directory\n" +
    "      C:\\Users\\node_modules doesn'
t exist or is not a directory\n" +
    "      C:\\node_modules doesn't exist
 or is not a directory"
}
Turbopack build encountered 2 warnings:
[next]/internal/font/google/geist_a71539c
9.module.css
Error while requesting resource
There was an issue requesting https://fon
ts.googleapis.com/css2?family=Geist:wght@
100..900&display=swap

Import trace:
  Server Component:
    [next]/internal/font/google/geist_a71
539c9.module.css
    [next]/internal/font/google/geist_a71
539c9.js
    ./src/app/layout.tsx


[next]/internal/font/google/geist_mono_8d
43a2aa.module.css
Error while requesting resource
There was an issue requesting https://fon
ts.googleapis.com/css2?family=Geist+Mono:
wght@100..900&display=swap

Import trace:
  Server Component:
    [next]/internal/font/google/geist_mon
o_8d43a2aa.module.css
    [next]/internal/font/google/geist_mon
o_8d43a2aa.js
    ./src/app/layout.tsx



> Build error occurred
Error: Turbopack build failed with 5 erro
rs:
./src/app/globals.css
Error evaluating Node.js code
CssSyntaxError: tailwindcss: C:\Users\lot
us\Documents\eshop_template\src\app\globa
ls.css:1:1: Can't resolve 'tailwindcss-an
imate' in 'C:\Users\lotus\Documents\eshop
_template\src\app'
    at Input.error (node_modules/postcss/
lib/input.js:135:16) [C:\Users\lotus\Docu
ments\eshop_template\.next\build\chunks\n
ode_modules_2d7da256._.js:4651:22]
    at Root.error (node_modules/postcss/l
ib/node.js:146:32) [C:\Users\lotus\Docume
nts\eshop_template\.next\build\chunks\nod
e_modules_2d7da256._.js:928:38]
    [at Object.Once (C:\Users\lotus\Docum
ents\eshop_template\node_modules\@tailwin
dcss\postcss\dist\index.js:10:6911)]
    at async LazyResult.runAsync (node_mo
dules/postcss/lib/lazy-result.js:293:11) 
[C:\Users\lotus\Documents\eshop_template\
.next\build\chunks\node_modules_2d7da256.
_.js:6206:21]
    at async transform (turbopack:///[tur
bopack-node]/transforms/postcss.ts:70:34)
 [C:\Users\lotus\Documents\eshop_template
\.next\build\chunks\[root-of-the-server]_
_51225daf._.js:146:36]
    at async run (turbopack:///[turbopack
-node]/ipc/evaluate.ts:92:23) [C:\Users\l
otus\Documents\eshop_template\.next\build
\chunks\[root-of-the-server]__974941ed._.
js:443:31]

Import trace:
  Client Component Browser:
    ./src/app/globals.css [Client Compone
nt Browser]
    ./src/app/layout.tsx [Server Componen
t]


./src/components/ai/chat-assistant.tsx:3:
1
Module not found: Can't resolve 'ai/react
'
[0m [90m 1 |[39m [32m'use client'[39
m[33m;[39m
 [90m 2 |[39m
[31m[1m>[22m[39m[90m 3 |[39m [36mi
mport[39m { useChat } [36mfrom[39m [3
2m'ai/react'[39m[33m;[39m
 [90m   |[39m [31m[1m^[22m[39m[31m
[1m^[22m[39m[31m[1m^[22m[39m[31m
[1m^[22m[39m[31m[1m^[22m[39m[31m[
1m^[22m[39m[31m[1m^[22m[39m[31m[1
m^[22m[39m[31m[1m^[22m[39m[31m[1m
^[22m[39m[31m[1m^[22m[39m[31m[1m^
[22m[39m[31m[1m^[22m[39m[31m[1m^
[22m[39m[31m[1m^[22m[39m[31m[1m^[
22m[39m[31m[1m^[22m[39m[31m[1m^[2
2m[39m[31m[1m^[22m[39m[31m[1m^[22
m[39m[31m[1m^[22m[39m[31m[1m^[22m
[39m[31m[1m^[22m[39m[31m[1m^[22m
[39m[31m[1m^[22m[39m[31m[1m^[22m[
39m[31m[1m^[22m[39m[31m[1m^[22m[3
9m[31m[1m^[22m[39m[31m[1m^[22m[39
m[31m[1m^[22m[39m[31m[1m^[22m[39m
[31m[1m^[22m[39m[31m[1m^[22m[39m
[31m[1m^[22m[39m
 [90m 4 |[39m [36mimport[39m { useSta
te[33m,[39m useRef[33m,[39m useEffect
 } [36mfrom[39m [32m'react'[39m[33m;
[39m
 [90m 5 |[39m [36mimport[39m { [33mB
utton[39m } [36mfrom[39m [32m'@/compo
nents/ui/button'[39m[33m;[39m
 [90m 6 |[39m [36mimport[39m { [33mI
nput[39m } [36mfrom[39m [32m'@/compon
ents/ui/input'[39m[33m;[39m[0m



Import trace:
  Server Component:
    ./src/components/ai/chat-assistant.ts
x
    ./src/app/layout.tsx

https://nextjs.org/docs/messages/module-n
ot-found


./src/components/ui/button.tsx:3:1
Module not found: Can't resolve 'class-va
riance-authority'
[0m [90m 1 |[39m [36mimport[39m [33
m*[39m [36mas[39m [33mReact[39m [36
mfrom[39m [32m"react"[39m
 [90m 2 |[39m [36mimport[39m { [33mS
lot[39m } [36mfrom[39m [32m"@radix-ui
/react-slot"[39m
[31m[1m>[22m[39m[90m 3 |[39m [36mi
mport[39m { cva[33m,[39m type [33mVar
iantProps[39m } [36mfrom[39m [32m"cla
ss-variance-authority"[39m
 [90m   |[39m [31m[1m^[22m[39m[31m
[1m^[22m[39m[31m[1m^[22m[39m[31m
[1m^[22m[39m[31m[1m^[22m[39m[31m[
1m^[22m[39m[31m[1m^[22m[39m[31m[1
m^[22m[39m[31m[1m^[22m[39m[31m[1m
^[22m[39m[31m[1m^[22m[39m[31m[1m^
[22m[39m[31m[1m^[22m[39m[31m[1m^
[22m[39m[31m[1m^[22m[39m[31m[1m^[
22m[39m[31m[1m^[22m[39m[31m[1m^[2
2m[39m[31m[1m^[22m[39m[31m[1m^[22
m[39m[31m[1m^[22m[39m[31m[1m^[22m
[39m[31m[1m^[22m[39m[31m[1m^[22m
[39m[31m[1m^[22m[39m[31m[1m^[22m[
39m[31m[1m^[22m[39m[31m[1m^[22m[3
9m[31m[1m^[22m[39m[31m[1m^[22m[39
m[31m[1m^[22m[39m[31m[1m^[22m[39m
[31m[1m^[22m[39m[31m[1m^[22m[39m
[31m[1m^[22m[39m[31m[1m^[22m[39m[
31m[1m^[22m[39m[31m[1m^[22m[39m[3
1m[1m^[22m[39m[31m[1m^[22m[39m[31
m[1m^[22m[39m[31m[1m^[22m[39m[31m
[1m^[22m[39m[31m[1m^[22m[39m[31m
[1m^[22m[39m[31m[1m^[22m[39m[31m[
1m^[22m[39m[31m[1m^[22m[39m[31m[1
m^[22m[39m[31m[1m^[22m[39m[31m[1m
^[22m[39m[31m[1m^[22m[39m[31m[1m^
[22m[39m[31m[1m^[22m[39m[31m[1m^
[22m[39m[31m[1m^[22m[39m[31m[1m^[
22m[39m[31m[1m^[22m[39m[31m[1m^[2
2m[39m[31m[1m^[22m[39m[31m[1m^[22
m[39m[31m[1m^[22m[39m[31m[1m^[22m
[39m[31m[1m^[22m[39m[31m[1m^[22m
[39m
 [90m 4 |[39m
 [90m 5 |[39m [36mimport[39m { cn } 
[36mfrom[39m [32m"@/lib/utils"[39m
 [90m 6 |[39m[0m



Import traces:
  Client Component Browser:
    ./src/components/ui/button.tsx [Clien
t Component Browser]
    ./src/components/ai/chat-assistant.ts
x [Client Component Browser]
    ./src/components/ai/chat-assistant.ts
x [Server Component]
    ./src/app/layout.tsx [Server Componen
t]

  Client Component SSR:
    ./src/components/ui/button.tsx [Clien
t Component SSR]
    ./src/components/ai/chat-assistant.ts
x [Client Component SSR]
    ./src/components/ai/chat-assistant.ts
x [Server Component]
    ./src/app/layout.tsx [Server Componen
t]

https://nextjs.org/docs/messages/module-n
ot-found


[next]/internal/font/google/geist_a71539c
9.module.css
next/font: error:
Failed to fetch `Geist` from Google Fonts
.

Import trace:
  Server Component:
    [next]/internal/font/google/geist_a71
539c9.module.css
    [next]/internal/font/google/geist_a71
539c9.js
    ./src/app/layout.tsx


[next]/internal/font/google/geist_mono_8d
43a2aa.module.css
next/font: error:
Failed to fetch `Geist Mono` from Google 
Fonts.

Import trace:
  Server Component:
    [next]/internal/font/google/geist_mon
o_8d43a2aa.module.css
    [next]/internal/font/google/geist_mon
o_8d43a2aa.js
    ./src/app/layout.tsx


    at async transform (turbopack:///[tur
bopack-node]/transforms/postcss.ts:70:34)
 [C:\Users\lotus\Documents\eshop_template
\.next\build\chunks\[root-of-the-server]_
_51225daf._.js:146:36])
    at async run (turbopack:///[turbopack
-node]/ipc/evaluate.ts:92:23) [C:\Users\l
otus\Documents\eshop_template\.next\build
\chunks\[root-of-the-server]__974941ed._.
js:443:31])
    at <unknown> (./src/components/ai/cha
t-assistant.tsx:3:1)
    at <unknown> (https://nextjs.org/docs
/messages/module-not-found)
    at <unknown> (./src/components/ui/but
ton.tsx:3:1)
    at <unknown> (https://nextjs.org/docs
/messages/module-not-found)
